// Jest Snapshot v1, https://goo.gl/fbAQLP

exports[`Seller component matches snapshot DOM node structure 1`] = `
<DocumentFragment>
  <div>
    <h2>
      Seller
    </h2>
  </div>
</DocumentFragment>
`;
