// Jest Snapshot v1, https://goo.gl/fbAQLP

exports[`Tech component matches snapshot DOM node structure 1`] = `
<DocumentFragment>
  <div>
    <h2>
      Tech
    </h2>
  </div>
</DocumentFragment>
`;
