// Jest Snapshot v1, https://goo.gl/fbAQLP

exports[`Clothing component matches snapshot DOM node structure 1`] = `
<DocumentFragment>
  <div>
    <h2>
      Clothing
    </h2>
  </div>
</DocumentFragment>
`;
