// Jest Snapshot v1, https://goo.gl/fbAQLP

exports[`Outdoor component matches snapshot DOM node structure 1`] = `
<DocumentFragment>
  <div>
    <div
      class="title"
    >
      Outdoor
    </div>
    <div
      class="itemContainer"
    >
      <div
        class="card"
      >
        <div
          class="card-body"
        >
          <a
            class="btn btn-primary"
            href="#"
            type="button"
          >
            Check it out!
          </a>
        </div>
      </div>
    </div>
  </div>
</DocumentFragment>
`;
